#-----------------------------------------------------------
# Vivado v2023.2 (64-bit)
# SW Build 4029153 on Fri Oct 13 20:14:34 MDT 2023
# IP Build 4028589 on Sat Oct 14 00:45:43 MDT 2023
# SharedData Build 4025554 on Tue Oct 10 17:18:54 MDT 2023
# Start of session at: Thu Dec 28 10:17:43 2023
# Process ID: 22976
# Current directory: E:/downloads/.xinstall/Vivado/arbiter_V1
# Command line: vivado.exe -gui_launcher_event rodinguilauncherevent16516 E:\downloads\.xinstall\Vivado\arbiter_V1\arbiter_V1.xpr
# Log file: E:/downloads/.xinstall/Vivado/arbiter_V1/vivado.log
# Journal file: E:/downloads/.xinstall/Vivado/arbiter_V1\vivado.jou
# Running On: XoiXoi, OS: Windows, CPU Frequency: 1800 MHz, CPU Physical cores: 4, Host memory: 12766 MB
#-----------------------------------------------------------
start_guiopen_project E:/downloads/.xinstall/Vivado/arbiter_V1/arbiter_V1.xpr
open_project E:/downloads/.xinstall/Vivado/arbiter_V1/arbiter_V1.xpr
synth_design -rtl -rtl_skip_mlo -name rtl_1
update_compile_order -fileset sources_1
